#-----------------------------------------------------------
# Vivado v2016.2 (64-bit)
# SW Build 1577090 on Thu Jun  2 16:32:40 MDT 2016
# IP Build 1577682 on Fri Jun  3 12:00:54 MDT 2016
# Start of session at: Mon Apr 15 15:48:00 2019
# Process ID: 5776
# Current directory: D:/ENEL373/Project/mine
# Command line: vivado.exe -gui_launcher_event rodinguilauncherevent8820 D:\ENEL373\Project\mine\main_project.xpr
# Log file: D:/ENEL373/Project/mine/vivado.log
# Journal file: D:/ENEL373/Project/mine\vivado.jou
#-----------------------------------------------------------
start_gui
open_project D:/ENEL373/Project/mine/main_project.xpr
update_compile_order -fileset sources_1
open_run synth_1 -name synth_1
open_hw
connect_hw_server
open_hw_target
set_property PROGRAM.FILE {D:/ENEL373/Project/mine/main_project.runs/impl_1/main.bit} [lindex [get_hw_devices] 0]
current_hw_device [lindex [get_hw_devices] 0]
refresh_hw_device -update_hw_probes false [lindex [get_hw_devices] 0]
set_property PROBES.FILE {} [lindex [get_hw_devices] 0]
set_property PROGRAM.FILE {D:/ENEL373/Project/mine/main_project.runs/impl_1/main.bit} [lindex [get_hw_devices] 0]
program_hw_devices [lindex [get_hw_devices] 0]
refresh_hw_device [lindex [get_hw_devices] 0]
set_property PROBES.FILE {} [lindex [get_hw_devices] 0]
set_property PROGRAM.FILE {D:/ENEL373/Project/mine/main_project.runs/impl_1/main.bit} [lindex [get_hw_devices] 0]
program_hw_devices [lindex [get_hw_devices] 0]
refresh_hw_device [lindex [get_hw_devices] 0]
close_hw
close_design
