Copyright 1986-2016 Xilinx, Inc. All Rights Reserved.
------------------------------------------------------------------------------------
| Tool Version : Vivado v.2016.2 (win64) Build 1577090 Thu Jun  2 16:32:40 MDT 2016
| Date         : Mon May 13 14:31:57 2019
| Host         : ELECTRO-09 running 64-bit major release  (build 9200)
| Command      : report_control_sets -verbose -file main_control_sets_placed.rpt
| Design       : main
| Device       : xc7a100t
------------------------------------------------------------------------------------

Control Set Information

Table of Contents
-----------------
1. Summary
2. Flip-Flop Distribution
3. Detailed Control Set Information

1. Summary
----------

+----------------------------------------------------------+-------+
|                          Status                          | Count |
+----------------------------------------------------------+-------+
| Number of unique control sets                            |    11 |
| Unused register locations in slices containing registers |    33 |
+----------------------------------------------------------+-------+


2. Flip-Flop Distribution
-------------------------

+--------------+-----------------------+------------------------+-----------------+--------------+
| Clock Enable | Synchronous Set/Reset | Asynchronous Set/Reset | Total Registers | Total Slices |
+--------------+-----------------------+------------------------+-----------------+--------------+
| No           | No                    | No                     |               7 |            6 |
| No           | No                    | Yes                    |               0 |            0 |
| No           | Yes                   | No                     |              84 |           21 |
| Yes          | No                    | No                     |              28 |           12 |
| Yes          | No                    | Yes                    |               0 |            0 |
| Yes          | Yes                   | No                     |               8 |            3 |
+--------------+-----------------------+------------------------+-----------------+--------------+


3. Detailed Control Set Information
-----------------------------------

+---------------------------+-----------------------+------------------------------------+------------------+----------------+
|        Clock Signal       |     Enable Signal     |          Set/Reset Signal          | Slice Load Count | Bel Load Count |
+---------------------------+-----------------------+------------------------------------+------------------+----------------+
|  Clock_Divider/temp_clk_1 |                       |                                    |                1 |              1 |
|  Debounce/CLK             |                       |                                    |                2 |              3 |
|  CLK100MHZ_IBUF_BUFG      |                       |                                    |                3 |              3 |
|  temp_clk_2_BUFG          | Control/Q_reg[0]_0[0] |                                    |                1 |              4 |
|  temp_clk_2_BUFG          | Control/R0_out        |                                    |                3 |              8 |
|  temp_clk_2_BUFG          | Control/E[0]          |                                    |                6 |              8 |
|  temp_clk_2_BUFG          | Control/Q_reg[0][0]   |                                    |                2 |              8 |
|  temp_clk_2_BUFG          | Control/Q_reg[7]_0[1] | Arithmitec_Log/Q_reg[0]            |                3 |              8 |
|  CLK100MHZ_IBUF_BUFG      |                       | Clock_Divider/clear                |                7 |             28 |
|  CLK100MHZ_IBUF_BUFG      |                       | Clock_Divider/clk_ctr_2[0]_i_1_n_0 |                7 |             28 |
|  CLK100MHZ_IBUF_BUFG      |                       | Clock_Divider/clk_ctr_3[0]_i_1_n_0 |                7 |             28 |
+---------------------------+-----------------------+------------------------------------+------------------+----------------+


